THERMAL_GUARD_BEGIN gpu=0 pci=0000:06:00.0 warn_junction_c=80 max_junction_c=85 initial_junction_c=25.0
GUARD_EVENT event=worker_started monotonic_s=202274.49 since_start_ms=180 worker_pid=771198 worker_pgid=771198 command=timeout --signal=INT --kill-after=5s 120s podman run --rm --init --name m31-0006-attention-128k-20261008 --device=/dev/kfd --device=/dev/dri --security-opt=label=disable --group-add=keep-groups -e M31_GPU_RUN_AUTHORIZED=1 -v /tmp/m31-0006-target-build-20261008:/build:ro localhost/miinfer-dev:rocm-7.2.1 /build/miinfer-m31-0006-graph-attention-microbench --context 131072 --mode baseline --repeats 1
THERMAL_SAMPLE gpu=0 pci=0000:06:00.0 junction_c=25.0 warn_c=80 limit_c=85
# host=32806e8dd3cf gpu_index=0 bdf=0000:06:00.0 name="AMD Instinct MI60 / MI50" arch=gfx906:sramecc+:xnack- cus=60 vram_bytes=34342961152 hip_runtime_version=70253211 hip_driver_version=70253211 context=131072 mode=baseline default_active_splits=64 candidate_active_splits=64 grid=24x64 block_threads=64 wavefront=64 scratch_static_bytes=1585152 repeats=1 kv=fp16 q_heads=24 kv_heads=4 head_dim=256 scale=0.0625 capacity=131073 rng_seed=1832058886 output=fp32 gate=sigmoid graph_nodes=2
THERMAL_SAMPLE gpu=0 pci=0000:06:00.0 junction_c=25.0 warn_c=80 limit_c=85
THERMAL_SAMPLE gpu=0 pci=0000:06:00.0 junction_c=25.0 warn_c=80 limit_c=85
THERMAL_SAMPLE gpu=0 pci=0000:06:00.0 junction_c=25.0 warn_c=80 limit_c=85
THERMAL_SAMPLE gpu=0 pci=0000:06:00.0 junction_c=25.0 warn_c=80 limit_c=85
THERMAL_SAMPLE gpu=0 pci=0000:06:00.0 junction_c=25.0 warn_c=80 limit_c=85
THERMAL_SAMPLE gpu=0 pci=0000:06:00.0 junction_c=25.0 warn_c=80 limit_c=85
THERMAL_SAMPLE gpu=0 pci=0000:06:00.0 junction_c=25.0 warn_c=80 limit_c=85
THERMAL_SAMPLE gpu=0 pci=0000:06:00.0 junction_c=25.0 warn_c=80 limit_c=85
THERMAL_SAMPLE gpu=0 pci=0000:06:00.0 junction_c=25.0 warn_c=80 limit_c=85
THERMAL_SAMPLE gpu=0 pci=0000:06:00.0 junction_c=25.0 warn_c=80 limit_c=85
THERMAL_SAMPLE gpu=0 pci=0000:06:00.0 junction_c=25.0 warn_c=80 limit_c=85
THERMAL_SAMPLE gpu=0 pci=0000:06:00.0 junction_c=25.0 warn_c=80 limit_c=85
THERMAL_SAMPLE gpu=0 pci=0000:06:00.0 junction_c=25.0 warn_c=80 limit_c=85
THERMAL_SAMPLE gpu=0 pci=0000:06:00.0 junction_c=25.0 warn_c=80 limit_c=85
THERMAL_SAMPLE gpu=0 pci=0000:06:00.0 junction_c=25.0 warn_c=80 limit_c=85
THERMAL_SAMPLE gpu=0 pci=0000:06:00.0 junction_c=25.0 warn_c=80 limit_c=85
THERMAL_SAMPLE gpu=0 pci=0000:06:00.0 junction_c=25.0 warn_c=80 limit_c=85
THERMAL_SAMPLE gpu=0 pci=0000:06:00.0 junction_c=25.0 warn_c=80 limit_c=85
THERMAL_SAMPLE gpu=0 pci=0000:06:00.0 junction_c=25.0 warn_c=80 limit_c=85
THERMAL_SAMPLE gpu=0 pci=0000:06:00.0 junction_c=25.0 warn_c=80 limit_c=85
THERMAL_SAMPLE gpu=0 pci=0000:06:00.0 junction_c=25.0 warn_c=80 limit_c=85
THERMAL_SAMPLE gpu=0 pci=0000:06:00.0 junction_c=25.0 warn_c=80 limit_c=85
THERMAL_SAMPLE gpu=0 pci=0000:06:00.0 junction_c=25.0 warn_c=80 limit_c=85
THERMAL_SAMPLE gpu=0 pci=0000:06:00.0 junction_c=25.0 warn_c=80 limit_c=85
THERMAL_SAMPLE gpu=0 pci=0000:06:00.0 junction_c=25.0 warn_c=80 limit_c=85
THERMAL_SAMPLE gpu=0 pci=0000:06:00.0 junction_c=25.0 warn_c=80 limit_c=85
THERMAL_SAMPLE gpu=0 pci=0000:06:00.0 junction_c=25.0 warn_c=80 limit_c=85
THERMAL_SAMPLE gpu=0 pci=0000:06:00.0 junction_c=26.0 warn_c=80 limit_c=85
THERMAL_SAMPLE gpu=0 pci=0000:06:00.0 junction_c=25.0 warn_c=80 limit_c=85
THERMAL_SAMPLE gpu=0 pci=0000:06:00.0 junction_c=26.0 warn_c=80 limit_c=85
THERMAL_SAMPLE gpu=0 pci=0000:06:00.0 junction_c=25.0 warn_c=80 limit_c=85
THERMAL_SAMPLE gpu=0 pci=0000:06:00.0 junction_c=25.0 warn_c=80 limit_c=85
THERMAL_SAMPLE gpu=0 pci=0000:06:00.0 junction_c=25.0 warn_c=80 limit_c=85
THERMAL_SAMPLE gpu=0 pci=0000:06:00.0 junction_c=25.0 warn_c=80 limit_c=85
THERMAL_SAMPLE gpu=0 pci=0000:06:00.0 junction_c=25.0 warn_c=80 limit_c=85
THERMAL_SAMPLE gpu=0 pci=0000:06:00.0 junction_c=26.0 warn_c=80 limit_c=85
THERMAL_SAMPLE gpu=0 pci=0000:06:00.0 junction_c=25.0 warn_c=80 limit_c=85
THERMAL_SAMPLE gpu=0 pci=0000:06:00.0 junction_c=25.0 warn_c=80 limit_c=85
THERMAL_SAMPLE gpu=0 pci=0000:06:00.0 junction_c=25.0 warn_c=80 limit_c=85
THERMAL_SAMPLE gpu=0 pci=0000:06:00.0 junction_c=25.0 warn_c=80 limit_c=85
THERMAL_SAMPLE gpu=0 pci=0000:06:00.0 junction_c=25.0 warn_c=80 limit_c=85
THERMAL_SAMPLE gpu=0 pci=0000:06:00.0 junction_c=25.0 warn_c=80 limit_c=85
THERMAL_SAMPLE gpu=0 pci=0000:06:00.0 junction_c=25.0 warn_c=80 limit_c=85
THERMAL_SAMPLE gpu=0 pci=0000:06:00.0 junction_c=25.0 warn_c=80 limit_c=85
THERMAL_SAMPLE gpu=0 pci=0000:06:00.0 junction_c=25.0 warn_c=80 limit_c=85
THERMAL_SAMPLE gpu=0 pci=0000:06:00.0 junction_c=25.0 warn_c=80 limit_c=85
THERMAL_SAMPLE gpu=0 pci=0000:06:00.0 junction_c=25.0 warn_c=80 limit_c=85
THERMAL_SAMPLE gpu=0 pci=0000:06:00.0 junction_c=25.0 warn_c=80 limit_c=85
THERMAL_SAMPLE gpu=0 pci=0000:06:00.0 junction_c=25.0 warn_c=80 limit_c=85
THERMAL_SAMPLE gpu=0 pci=0000:06:00.0 junction_c=25.0 warn_c=80 limit_c=85
THERMAL_SAMPLE gpu=0 pci=0000:06:00.0 junction_c=26.0 warn_c=80 limit_c=85
THERMAL_SAMPLE gpu=0 pci=0000:06:00.0 junction_c=26.0 warn_c=80 limit_c=85
THERMAL_SAMPLE gpu=0 pci=0000:06:00.0 junction_c=25.0 warn_c=80 limit_c=85
THERMAL_SAMPLE gpu=0 pci=0000:06:00.0 junction_c=25.0 warn_c=80 limit_c=85
THERMAL_SAMPLE gpu=0 pci=0000:06:00.0 junction_c=25.0 warn_c=80 limit_c=85
THERMAL_SAMPLE gpu=0 pci=0000:06:00.0 junction_c=25.0 warn_c=80 limit_c=85
THERMAL_SAMPLE gpu=0 pci=0000:06:00.0 junction_c=25.0 warn_c=80 limit_c=85
THERMAL_SAMPLE gpu=0 pci=0000:06:00.0 junction_c=25.0 warn_c=80 limit_c=85
THERMAL_SAMPLE gpu=0 pci=0000:06:00.0 junction_c=25.0 warn_c=80 limit_c=85
THERMAL_SAMPLE gpu=0 pci=0000:06:00.0 junction_c=25.0 warn_c=80 limit_c=85
# correctness=PASS default_active_splits=64 candidate_active_splits=64 graph_grid=24x64 block_threads=64 wavefront=64 default_graph_capture_ms=0.137845 candidate_graph_capture_ms=0 static_scratch_bytes=1585152 allocation_delta_bytes=696254464 live_allocated_bytes=717225984 free_vram_before_bytes=34321989632 total_vram_before_bytes=34342961152 free_vram_after_bytes=33625735168 total_vram_after_bytes=34342961152 reference_abs_tolerance=0.002 default_max_abs_vs_reference=4.36557e-10 future_kv_poison=10000.0 ignored
sample context=131072 variant=default active_splits=64 grid=24x64 sample=1 direct_kernel_pair_ms=3.381915 direct_submit_to_complete_ms=3.401981 graph_kernel_pair_ms=3.297275 graph_replay_submit_to_complete_ms=3.305768 scratch_static_bytes=1585152 observed_allocation_delta_bytes=696254464 max_abs_vs_reference=0.000000 max_abs_vs_default=0.000000
THERMAL_SAMPLE gpu=0 pci=0000:06:00.0 junction_c=26.0 warn_c=80 limit_c=85
GUARD_EVENT event=worker_exit monotonic_s=202299.40 since_start_ms=25090 worker_pid=771198 worker_pgid=771198 status=0
GUARD_EVENT event=descendants_exited monotonic_s=202299.43 since_start_ms=25120 worker_pid=771198 worker_pgid=771198 process_group=771198 group_empty_observed=true
GUARD_EVENT event=cleanup_complete monotonic_s=202299.43 since_start_ms=25120 worker_pid=771198 worker_pgid=771198 process_group=771198
